2026-07-30T16:14:41.585Z - ValidationError: Product validation failed: ingredients.es: Path `es` is required., ingredients.en: Path `en` is required.
    at Document.invalidate (/Users/user/Documents/EL TRIGAL/BACKEND/node_modules/mongoose/lib/document.js:3475:32)
    at Subdocument.invalidate (/Users/user/Documents/EL TRIGAL/BACKEND/node_modules/mongoose/lib/types/subdocument.js:231:12)
    at SingleNested.validate (/Users/user/Documents/EL TRIGAL/BACKEND/node_modules/mongoose/lib/document.js:2882:13)
    at process.processTicksAndRejections (node:internal/process/task_queues:103:5)
    at async SchemaSubdocument.doValidate (/Users/user/Documents/EL TRIGAL/BACKEND/node_modules/mongoose/lib/schema/subdocument.js:293:5)
    at async Promise.all (index 9)
    at async model.validate (/Users/user/Documents/EL TRIGAL/BACKEND/node_modules/mongoose/lib/document.js:2873:30)
    at async model.$__save (/Users/user/Documents/EL TRIGAL/BACKEND/node_modules/mongoose/lib/model.js:399:7)
    at async maybeTracedSave (/Users/user/Documents/EL TRIGAL/BACKEND/node_modules/mongoose/lib/model.js:675:7)
    at async ProductService.create (/Users/user/Documents/EL TRIGAL/BACKEND/src/catalog/catalog.service.ts:559:7)
2026-07-30T16:15:16.574Z - ValidationError: Product validation failed: ingredients.es: Path `es` is required., ingredients.en: Path `en` is required.
    at Document.invalidate (/Users/user/Documents/EL TRIGAL/BACKEND/node_modules/mongoose/lib/document.js:3475:32)
    at Subdocument.invalidate (/Users/user/Documents/EL TRIGAL/BACKEND/node_modules/mongoose/lib/types/subdocument.js:231:12)
    at SingleNested.validate (/Users/user/Documents/EL TRIGAL/BACKEND/node_modules/mongoose/lib/document.js:2882:13)
    at process.processTicksAndRejections (node:internal/process/task_queues:103:5)
    at async SchemaSubdocument.doValidate (/Users/user/Documents/EL TRIGAL/BACKEND/node_modules/mongoose/lib/schema/subdocument.js:293:5)
    at async Promise.all (index 9)
    at async model.validate (/Users/user/Documents/EL TRIGAL/BACKEND/node_modules/mongoose/lib/document.js:2873:30)
    at async model.$__save (/Users/user/Documents/EL TRIGAL/BACKEND/node_modules/mongoose/lib/model.js:399:7)
    at async maybeTracedSave (/Users/user/Documents/EL TRIGAL/BACKEND/node_modules/mongoose/lib/model.js:675:7)
    at async ProductService.create (/Users/user/Documents/EL TRIGAL/BACKEND/src/catalog/catalog.service.ts:559:7)
